# command used to create these files:
create.py --mode 3D --cores 4x4 --corex 0.45mm --corey 0.9mm --banks 8x8x4 --bankx 0.45mm --banky 0.45mm --cache_L3 non-stacked --cachex 1.8mm --cachey 3.6mm --out test/actual/3d_l3_non-stacked